../Core/Src/main.c:95:5:main	40	static
../Core/Src/main.c:161:6:SystemClock_Config	72	static
../Core/Src/main.c:198:13:Sys_Init	8	static
../Core/Src/main.c:207:6:HAL_TIM_IC_CaptureCallback	16	static
../Core/Src/main.c:213:6:HAL_TIM_PeriodElapsedCallback	16	static
../Core/Src/main.c:219:6:SysTick_CallBack	8	static
../Core/Src/main.c:231:6:PIR_Response	8	static
../Core/Src/main.c:240:6:Ultraonic_Response	16	static
../Core/Src/main.c:251:6:Read_Buttons	8	static
../Core/Src/main.c:279:6:Translate_Braille	16	static
../Core/Src/main.c:337:6:Store_Character	16	static
../Core/Src/main.c:347:6:Send_Sentence	8	static
../Core/Src/main.c:360:6:Send_Braille	8	static
../Core/Src/main.c:377:6:Check_Password	8	static
../Core/Src/main.c:407:6:Send_GPS_Data	64	static
../Core/Src/main.c:474:6:UART_Receiving_IT_Init	8	static
../Core/Src/main.c:481:6:UART_SendString	24	static
../Core/Src/main.c:491:6:UART_SendFloat	40	static
../Core/Src/main.c:498:6:HAL_UART_RxCpltCallback	32	static
../Core/Src/main.c:522:6:Error_Handler	4	static,ignoring_inline_asm
